--------------------------------------------------------------------------------------
Timing Analyzer Summary
--------------------------------------------------------------------------------------

Type           : Worst-case tco
Slack          : N/A
Required Time  : None
Actual Time    : 9.637 ns
From           : REG_RS:SAiDA|RS_FF[4]
To             : LEDG[4]
From Clock     : CLOCK_27
To Clock       : --
Failed Paths   : 0

Type           : Clock Setup: 'CLOCK_27'
Slack          : N/A
Required Time  : None
Actual Time    : 45.43 MHz ( period = 22.012 ns )
From           : TableRom:inst9|REG_FF[6]
To             : REG_RS:SAiDA|RS_FF[5]
From Clock     : CLOCK_27
To Clock       : CLOCK_27
Failed Paths   : 0

Type           : Clock Hold: 'CLOCK_27'
Slack          : Not operational: Clock Skew > Data Delay
Required Time  : None
Actual Time    : N/A
From           : DivisorCLK:D|lpm_counter:LPM_COUNTER_component|cntr_9mh:auto_generated|safe_q[19]
To             : DivisorCLK:D|lpm_counter:LPM_COUNTER_component|cntr_9mh:auto_generated|safe_q[20]
From Clock     : CLOCK_27
To Clock       : CLOCK_27
Failed Paths   : 16

Type           : Total number of failed paths
Slack          : 
Required Time  : 
Actual Time    : 
From           : 
To             : 
From Clock     : 
To Clock       : 
Failed Paths   : 16

--------------------------------------------------------------------------------------

